// Jest Snapshot v1, https://goo.gl/fbAQLP

exports[`<Game/> should match the snapshot 1`] = `
<div
  className="Game"
>
  <div
    className="game-sky"
  >
    <span
      className="game-definition game-status"
    >
       
      Assigning a value to a variable
    </span>
    <span
      className="game-definition-score game-status"
    >
      pointValue:
      100
    </span>
    <span
      className="game-user-score game-status"
    >
      Score:
      150
    </span>
  </div>
  <div
    className="game-ocean"
  >
    <Fish
      index={0}
      key="946114f9-be0a-4258-bb3c-3d5f9c1a0c98"
      setUserScore={[Function]}
      top="170px"
      word="hoisting"
    />
    <Fish
      index={1}
      key="7e4dbd40-2368-48be-86da-8058a2bfe433"
      setUserScore={[Function]}
      top="170px"
      word="variable"
    />
    <Fish
      index={2}
      key="47352ca0-2cfa-4220-a948-194976151cfb"
      setUserScore={[Function]}
      top="170px"
      word="function"
    />
    <Fish
      index={3}
      key="fb9dfb27-bf29-4320-88a9-17c678ea997a"
      setUserScore={[Function]}
      top="170px"
      word="assignment"
    />
  </div>
</div>
`;
