// Jest Snapshot v1, https://goo.gl/fbAQLP

exports[`<Menu/> should match the snapshot 1`] = `
<nav
  className="Menu"
>
  <h1>
    Js Fishing
  </h1>
  <ul>
    <li
      onClick={[Function]}
    >
      undefined's Profile
    </li>
    <li
      onClick={[Function]}
    >
      Train
    </li>
    <li
      onClick={[Function]}
    >
      Play
    </li>
  </ul>
  <button
    className="back-button"
    onClick={[Function]}
  >
    Back
  </button>
</nav>
`;
