// Jest Snapshot v1, https://goo.gl/fbAQLP

exports[`<Profile/> should match the snapshot 1`] = `
<main
  className="Profile"
>
  <div
    className="profile-user-info animate-info"
  >
    <p>
      Justin
    </p>
    <p>
      Duncan
    </p>
    <p>
      me@me.com
    </p>
  </div>
  <section
    className="profile-javascript animate-info"
  >
    <h1>
      Javascript
    </h1>
    <progress
      max={88}
      value={1}
    />
    <p>
      You have mastered: 1 
                out of  88  words.
    </p>
  </section>
  <section
    className="profile-mastery"
  >
    Vocabulary Mastery!
  </section>
  <section
    className="profile-css animate-info"
  >
    <h1>
      CSS
    </h1>
    <progress
      max={91}
      value={0}
    />
    <p>
      You have mastered: 0
               out of 91 words.
    </p>
  </section>
  <section
    className="profile-html animate-info"
  >
    <h1>
      HTML
    </h1>
    <progress
      max={103}
      value={0}
    />
    <p>
      You have mastered: 0
               out of 103 words.
    </p>
  </section>
  <section
    className="profile-turing animate-info"
  >
    <h1>
      Turing
    </h1>
    <progress
      max={41}
      value={0}
    />
    <p>
      You have mastered: 0
               out of 41 words.
    </p>
  </section>
</main>
`;
