// Jest Snapshot v1, https://goo.gl/fbAQLP

exports[`<VocabList/> should match the snapshot 1`] = `
<div
  className="vocab-container"
>
  <h2>
    Word List
  </h2>
  <ul
    className="vocab-list"
  >
    <li
      key="432f1dd5-2e60-4148-bbbd-36e7b6b8c81a"
      onClick={[Function]}
    >
      add
    </li>
    <li
      key="0f977050-0e6e-4bdd-b105-166426b2077e"
      onClick={[Function]}
    >
      addition
    </li>
    <li
      key="d7b5d7b4-2579-48f0-957b-d73ec1c9f86b"
      onClick={[Function]}
    >
      boolean
    </li>
    <li
      key="4f80bb14-6e30-4b2a-ad4d-01bf3cc2f073"
      onClick={[Function]}
    >
      charAt
    </li>
    <li
      key="aa556b9a-2093-402f-8c1c-5ef5e03f72f5"
      onClick={[Function]}
    >
      charCodeAt
    </li>
    <li
      key="14b86c7c-6769-407e-8cce-4c06d75bc62a"
      onClick={[Function]}
    >
      clear_(Map)
    </li>
    <li
      key="bb0a1d86-97b4-4343-b8bc-f92f91ef2550"
      onClick={[Function]}
    >
      clear_(Set)
    </li>
    <li
      key="8f921c27-989c-444c-b905-e861b4216d61"
      onClick={[Function]}
    >
      concat_(Array)
    </li>
    <li
      key="38abb428-8b09-455e-a7c2-dba3d0b538d1"
      onClick={[Function]}
    >
      concat_(String)
    </li>
    <li
      key="458d77ad-f388-4479-8749-6ec7b30235d4"
      onClick={[Function]}
    >
      const
    </li>
    <li
      key="989b0473-7278-4643-b05d-7b73f9aaee29"
      onClick={[Function]}
    >
      copyWithin
    </li>
    <li
      key="3468e68d-80e8-40b1-b8a9-2712729b0f7f"
      onClick={[Function]}
    >
      decrement
    </li>
    <li
      key="87a1c065-4899-449d-b257-fb9416af833b"
      onClick={[Function]}
    >
      delete_(Map)
    </li>
    <li
      key="583b37a5-010d-4edb-940e-46ecd57a5fbe"
      onClick={[Function]}
    >
      delete_(Set)
    </li>
    <li
      key="7c68028b-c53b-4c73-b8ed-e3c6eb81dffe"
      onClick={[Function]}
    >
      division
    </li>
    <li
      key="0fee6723-eda6-4c47-affc-0e663543d973"
      onClick={[Function]}
    >
      endsWith
    </li>
    <li
      key="0448f9ba-ed9f-4367-975f-10d060d4bd25"
      onClick={[Function]}
    >
      entries
    </li>
    <li
      key="cd81614e-b31a-4279-8f11-cd3dc67af3f6"
      onClick={[Function]}
    >
      every
    </li>
    <li
      key="6aa18267-9ab3-4198-b9b1-40909e497af8"
      onClick={[Function]}
    >
      exponentiation
    </li>
    <li
      key="d329dc4e-efe6-4685-a90c-d2796694fb4d"
      onClick={[Function]}
    >
      fill
    </li>
    <li
      key="c1aa4963-0327-4e8f-a648-b9d95089c8b3"
      onClick={[Function]}
    >
      filter
    </li>
    <li
      key="75a2297b-5bbb-4704-bfd6-9d27257ce5dc"
      onClick={[Function]}
    >
      find
    </li>
    <li
      key="35291b92-d1f0-43a0-9e8e-cfff273bd9fa"
      onClick={[Function]}
    >
      findIndex
    </li>
    <li
      key="8085081f-832e-41ef-9bba-2ac170e77644"
      onClick={[Function]}
    >
      forEach_(Array)
    </li>
    <li
      key="226a7645-1533-4c86-8ab8-3626d5a2514d"
      onClick={[Function]}
    >
      forEach_(Map)
    </li>
    <li
      key="f388bf58-a075-4dc3-beae-c0ea60abfffd"
      onClick={[Function]}
    >
      from
    </li>
    <li
      key="db3c2011-4fc7-4f09-988f-e11f6a49ebd4"
      onClick={[Function]}
    >
      fromCharCode
    </li>
    <li
      key="105af2ed-82ff-4d31-b7a7-32a64761d300"
      onClick={[Function]}
    >
      fromCodePoint
    </li>
    <li
      key="9cceb216-a280-4df6-a310-04c36da64af7"
      onClick={[Function]}
    >
      get
    </li>
    <li
      key="ee25b334-3d9e-4ff6-a981-ef360380f3b9"
      onClick={[Function]}
    >
      has_(Map)
    </li>
    <li
      key="642f797f-bfed-42cb-98af-e1f3bdee97eb"
      onClick={[Function]}
    >
      has_(Set)
    </li>
    <li
      key="8105423d-6a4f-4d6e-896a-a35efe0a7847"
      onClick={[Function]}
    >
      includes_(Array)
    </li>
    <li
      key="e56edfa0-60b4-40b3-8db7-7905e2469524"
      onClick={[Function]}
    >
      includes_(String)
    </li>
    <li
      key="ae95bdf0-6d0a-4554-80bf-a24be7c94203"
      onClick={[Function]}
    >
      increment(++)
    </li>
    <li
      key="140c3a19-c555-4704-95e1-7e3dc64e85f4"
      onClick={[Function]}
    >
      indexOf_(Array)
    </li>
    <li
      key="b8a23f32-d479-4c89-8ca2-302390d590b9"
      onClick={[Function]}
    >
      indexOf_(String)
    </li>
    <li
      key="66ae6776-5d80-448c-9119-03c522170ced"
      onClick={[Function]}
    >
      isArray
    </li>
    <li
      key="d3d82002-2d66-450d-9e5f-999d0ed7b141"
      onClick={[Function]}
    >
      isFinite
    </li>
    <li
      key="ad71c6ed-5204-4319-bb11-55038d9a5cbe"
      onClick={[Function]}
    >
      isInteger
    </li>
    <li
      key="3694a499-a2b5-4742-a65b-a2ac9e7d446a"
      onClick={[Function]}
    >
      isNan
    </li>
    <li
      key="94b65f31-31f0-446b-9832-06c4dadec6ee"
      onClick={[Function]}
    >
      isSafeInteger
    </li>
    <li
      key="fd15c242-b123-4a62-8165-934ff5b4f478"
      onClick={[Function]}
    >
      join
    </li>
    <li
      key="33bb6c45-58ac-41b0-9895-1cf2130ee6cc"
      onClick={[Function]}
    >
      keys
    </li>
    <li
      key="b828c9a3-b479-4d6e-b340-3eae6e484436"
      onClick={[Function]}
    >
      lastIndexOf_(Array)
    </li>
    <li
      key="4ff3ff0f-9ea0-46e9-b440-d4c75ed25e15"
      onClick={[Function]}
    >
      lastIndexOf_(String)
    </li>
    <li
      key="262336c4-1536-4283-91b6-3e66526359d4"
      onClick={[Function]}
    >
      let
    </li>
    <li
      key="57550577-9d41-46a1-a55c-5aae28b4695e"
      onClick={[Function]}
    >
      map
    </li>
    <li
      key="9f17c0e5-d01a-4898-968f-d29e1bbbeba9"
      onClick={[Function]}
    >
      match
    </li>
    <li
      key="9a398b00-9519-4805-be6d-c6d403da2b4b"
      onClick={[Function]}
    >
      multiplicaton
    </li>
    <li
      key="28768732-8a19-4f44-997c-125ae70a3020"
      onClick={[Function]}
    >
      null
    </li>
    <li
      key="62152617-099c-49ae-ac3c-29440e8e78ce"
      onClick={[Function]}
    >
      number
    </li>
    <li
      key="c467f465-7750-4f86-98b0-9c145e30749c"
      onClick={[Function]}
    >
      object
    </li>
    <li
      key="f9ba9f47-40e6-44aa-b52b-e58b46410f52"
      onClick={[Function]}
    >
      padEnd
    </li>
    <li
      key="fe833b1e-d70f-4180-a8a1-a58e49f35c65"
      onClick={[Function]}
    >
      padStart
    </li>
    <li
      key="d880e087-96d9-488d-ac2e-59880b6e5a17"
      onClick={[Function]}
    >
      parseFloat
    </li>
    <li
      key="709fc796-52bc-4b94-a4a7-f02a02bfe6c8"
      onClick={[Function]}
    >
      parseInt
    </li>
    <li
      key="b19ddc99-9d6f-43b1-a47c-2745d2b1d128"
      onClick={[Function]}
    >
      pop
    </li>
    <li
      key="dd759ace-821f-443a-b86d-a7fcb763f99d"
      onClick={[Function]}
    >
      push
    </li>
    <li
      key="ad7c4f72-c8a8-44f4-97f3-a0484ea6972c"
      onClick={[Function]}
    >
      reduce
    </li>
    <li
      key="863dc96e-ede3-4897-ae20-406d0e5eb282"
      onClick={[Function]}
    >
      reduceRight
    </li>
    <li
      key="1f93e6e8-5ce9-4a3d-8856-25f5d11ef44e"
      onClick={[Function]}
    >
      remainder(%)
    </li>
    <li
      key="4cce846e-a43e-4ce6-8be0-d53decd41f16"
      onClick={[Function]}
    >
      repeat
    </li>
    <li
      key="7aa8c7b8-466b-484f-8e3b-e8cc12f4fb6d"
      onClick={[Function]}
    >
      replace
    </li>
    <li
      key="69813f4b-dc7e-4094-a050-c3ad1cabccb7"
      onClick={[Function]}
    >
      reverse
    </li>
    <li
      key="56175c5c-f0db-475e-9b7c-44173d90a05a"
      onClick={[Function]}
    >
      search
    </li>
    <li
      key="f4731a0e-f34e-4c33-aaed-df015a011ab0"
      onClick={[Function]}
    >
      set
    </li>
    <li
      key="1ffaa59e-c488-4b1b-85b2-aa5c211c16fa"
      onClick={[Function]}
    >
      shift
    </li>
    <li
      key="8726176b-a7bd-4550-bbbf-e67d7b8612e3"
      onClick={[Function]}
    >
      size
    </li>
    <li
      key="3f27264e-6c52-4347-af82-d45a099fe469"
      onClick={[Function]}
    >
      slice_(Array)
    </li>
    <li
      key="a752004d-20e2-4e02-a1e2-dbc43bdd5335"
      onClick={[Function]}
    >
      slice_(String)
    </li>
    <li
      key="8075a357-cb81-4549-a27e-15fe4c71cb1d"
      onClick={[Function]}
    >
      some
    </li>
    <li
      key="10aede38-8860-4ea8-b25b-0a7b7110ea99"
      onClick={[Function]}
    >
      sort
    </li>
    <li
      key="4a67d8ad-1ed2-424f-a65c-16c1363daa66"
      onClick={[Function]}
    >
      splice
    </li>
    <li
      key="335d672a-f439-42bd-93f1-f469501f1fd0"
      onClick={[Function]}
    >
      split
    </li>
    <li
      key="269ad282-d8ad-4658-baf2-27f81333aa57"
      onClick={[Function]}
    >
      startsWith
    </li>
    <li
      key="f54f77b5-6677-4889-a9f1-cc33a435fd70"
      onClick={[Function]}
    >
      string
    </li>
    <li
      key="5ee32f89-c2bb-449f-b859-ca6e37e206f1"
      onClick={[Function]}
    >
      substring
    </li>
    <li
      key="170fe698-dd46-4597-9be9-1a258a16c021"
      onClick={[Function]}
    >
      subtraction
    </li>
    <li
      key="5b17efcb-7808-4773-96de-5685c87f9efb"
      onClick={[Function]}
    >
      symbol
    </li>
    <li
      key="4ed6f321-2306-4bca-9159-4f36f051a63a"
      onClick={[Function]}
    >
      toExponential
    </li>
    <li
      key="43b13158-7373-46cb-9139-e268337b0089"
      onClick={[Function]}
    >
      toFixed
    </li>
    <li
      key="7d7344d1-1014-4515-b5b9-a9ce27fd9a1a"
      onClick={[Function]}
    >
      trim
    </li>
    <li
      key="afa131f3-beac-4c1e-bc5b-52a33d3e169d"
      onClick={[Function]}
    >
      unary_negation
    </li>
    <li
      key="86193fa5-0027-48d7-9a3a-ada048c30fbd"
      onClick={[Function]}
    >
      unary_plus
    </li>
    <li
      key="05e852f7-fb21-421d-85d9-e2b61d93ccee"
      onClick={[Function]}
    >
      undefined
    </li>
    <li
      key="4d9f9c5b-4509-4b12-8d15-f6fb65260c94"
      onClick={[Function]}
    >
      unshift
    </li>
    <li
      key="3bab2f0d-ff3e-4b50-823a-a57dec8c1126"
      onClick={[Function]}
    >
      values
    </li>
  </ul>
</div>
`;
